04:05:50.902 ardopc Version 2.0.3.2
04:05:50.902 ARDOPC listening on port 8515
04:05:50.902 Capture Devices

04:05:51.276 Card 0, ID `Headphones', name `bcm2835 Headphones'
04:05:51.276 
04:05:51.276 Card 1, ID `Device', name `USB Audio Device'
04:05:51.277   Device hw:1,0 ID `USB Audio', name `USB Audio', 1 subdevices (1 available)
04:05:51.279     1 channel,  sampling rate 44100..48000 Hz
04:05:51.279 
04:05:51.279 Card 2, ID `vc4hdmi0', name `vc4-hdmi-0'
04:05:51.279 
04:05:51.279 Card 3, ID `vc4hdmi1', name `vc4-hdmi-1'
04:05:51.279 
04:05:51.280 Playback Devices

04:05:51.280 Card 0, ID `Headphones', name `bcm2835 Headphones'
04:05:51.280   Device hw:0,0 ID `bcm2835 Headphones', name `bcm2835 Headphones', 8 subdevices (8 available)
04:05:51.280     1..8 channels, sampling rate 8000..192000 Hz
04:05:51.280 
04:05:51.280 Card 1, ID `Device', name `USB Audio Device'
04:05:51.281   Device hw:1,0 ID `USB Audio', name `USB Audio', 1 subdevices (1 available)
04:05:51.281     2 channels,  sampling rate 44100..48000 Hz
04:05:51.281 
04:05:51.281 Card 2, ID `vc4hdmi0', name `vc4-hdmi-0'
04:05:51.281   Device hw:2,0 ID `MAI PCM i2s-hifi-0', name `MAI PCM i2s-hifi-0', 1 subdevices (1 available)
04:05:51.281 Error -524 opening output device
04:05:51.281 
04:05:51.281 Card 3, ID `vc4hdmi1', name `vc4-hdmi-1'
04:05:51.282   Device hw:3,0 ID `MAI PCM i2s-hifi-0', name `MAI PCM i2s-hifi-0', 1 subdevices (1 available)
04:05:51.282 Error -524 opening output device
04:05:51.282 
04:05:51.282 Opening Playback Device plughw:1,0 Rate 12000
04:05:51.302 Opening Capture Device plughw:1,0 Rate 12000
04:05:51.460 ardopc listening on port 8515
04:05:51.608 GUI Connected from Address 127.0.0.1
04:06:00.964 Input peaks = -754, 1206
04:06:10.990 Input peaks = -665, 1162
04:06:21.067 Input peaks = -618, 1175
04:06:31.123 Input peaks = -776, 1349
04:06:41.181 Input peaks = -823, 1381
04:06:51.234 Input peaks = -636, 1162
04:07:01.279 Input peaks = -675, 1090
04:07:11.299 Input peaks = -711, 1119
04:07:21.345 Input peaks = -667, 1558
04:07:31.403 Input peaks = -802, 1393
04:07:41.437 Input peaks = -674, 1135
04:07:51.496 Input peaks = -620, 1228
04:08:01.539 Input peaks = -2427, 2134
04:08:11.595 Input peaks = -688, 1276
04:08:21.640 Input peaks = -701, 1294
04:08:31.656 Input peaks = -718, 1221
04:08:41.713 Input peaks = -651, 1157
04:08:51.799 Input peaks = -672, 1146
04:09:01.843 Input peaks = -753, 1052
04:09:11.896 Input peaks = -547, 1120
04:09:21.954 Input peaks = -650, 1191
04:09:32.009 Input peaks = -763, 1136
04:09:42.065 Input peaks = -585, 1325
04:09:52.121 Input peaks = -682, 1285
04:10:02.167 Input peaks = -688, 1148
04:10:12.216 Input peaks = -729, 1259
04:10:22.239 Input peaks = -759, 1183
04:10:32.320 Input peaks = -678, 1189
04:10:42.374 Input peaks = -676, 1203
04:10:52.442 Input peaks = -580, 1128
04:10:54.045 Host Control Session Connected
04:10:54.045 Host Data Session Connected
04:10:54.045 [Command Trace FROM host: INITIALIZE
04:10:54.045  Command Trace TO Host BUFFER 0
04:10:54.045  Command Trace TO Host INITIALIZE
04:10:54.055 [Command Trace FROM host: STATE
04:10:54.056  Command Trace TO Host STATE DISC
04:10:54.067 [Command Trace FROM host: PROTOCOLMODE ARQ
04:10:54.067  Command Trace TO Host PROTOCOLMODE now ARQ
04:10:54.078 [Command Trace FROM host: ARQTIMEOUT 90
04:10:54.078  Command Trace TO Host ARQTIMEOUT now 90
04:10:54.089 [Command Trace FROM host: LISTEN FALSE
04:10:54.089  Command Trace TO Host LISTEN now FALSE
04:10:54.099 [Command Trace FROM host: MYCALL N0CALL
04:10:54.099  Command Trace TO Host MYCALL now N0CALL
04:10:54.099 [Command Trace FROM host: GRIDSQUARE 
04:10:54.099  Command Trace TO Host FAULT Syntax Err: GRIDSQUARE 
04:11:02.525 Input peaks = -573, 1253
04:11:12.585 Input peaks = -1188, 1677
04:11:22.644 Input peaks = -710, 1201
